Microchip MPLAB XC8 Compiler V2.41

Linker command line:

-W-3 \
  --edf=C:/Program Files/Microchip/MPLABX/v6.15/packs/Microchip/PIC18Fxxxx_DFP/1.4.151/xc8\pic\dat\20230323171731_en.msgs \
  -cn -h+dist/default/debug\Project_One.debug.sym \
  --cmf=dist/default/debug\Project_One.debug.cmf -z -Q18F4620 \
  -oC:\Users\DELL\AppData\Local\Temp\xcAsac0.\driver_tmp_3.o \
  --defsym=__MPLAB_BUILD=1 --fixupoverflow=error \
  -Mdist/default/debug/Project_One.debug.map \
  --md=C:\Users\DELL\AppData\Local\Temp\xcAsac0.\driver_tmp_0.dat -E1 \
  -ver=XC8 Compiler --acfsm=1493 -ACODE=00h-0FFFFh -ACONST=00h-0FFFFh \
  -ASMALLCONST=01000h-010FFhx240 -AMEDIUMCONST=01000h-0FFFFh \
  -ACOMRAM=01h-07Fh -AABS1=00h-0F7Fh -ABIGRAM=01h-0F7Fh \
  -ARAM=080h-0FFh,0100h-01FFhx14,0F00h-0F7Fh -ABANK0=080h-0FFh \
  -ABANK1=0100h-01FFh -ABANK2=0200h-02FFh -ABANK3=0300h-03FFh \
  -ABANK4=0400h-04FFh -ABANK5=0500h-05FFh -ABANK6=0600h-06FFh \
  -ABANK7=0700h-07FFh -ABANK8=0800h-08FFh -ABANK9=0900h-09FFh \
  -ABANK10=0A00h-0AFFh -ABANK11=0B00h-0BFFh -ABANK12=0C00h-0CFFh \
  -ABANK13=0D00h-0DFFh -ABANK14=0E00h-0EFFh -ABANK15=0F00h-0F7Fh \
  -ASFR=0F80h-0FFFh -ABIGSFR=0F80h-0FFFh -ACONFIG=0300000h-030000Dh \
  -AIDLOC=0200000h-0200007h -AEEDATA=0F00000h-0F003FFh -peeprom_data=EEDATA \
  -preset_vec=00h,intcode=08h,intcodelo=018h,powerup,init -pramtop=01000h \
  -psmallconst=SMALLCONST -pmediumconst=MEDIUMCONST -pconst=CONST \
  -AFARRAM=00h-00h \
  -prdata=COMRAM,nvrram=COMRAM,nvbit=COMRAM,rbss=COMRAM,rbit=COMRAM \
  -pfarbss=FARRAM,fardata=FARRAM,nvFARRAM=FARRAM \
  -pintsave_regs=BIGRAM,bigbss=BIGRAM,bigdata=BIGRAM -pbss=RAM \
  -pidata=CODE,irdata=CODE,ibigdata=CODE,ifardata=CODE -prparam=COMRAM \
  C:\Users\DELL\AppData\Local\Temp\xcAsac0.\driver_tmp_9.o \
  dist/default/debug\Project_One.debug.o 

Object code version is 3.11

Machine type is 18F4620



                Name                               Link     Load   Length Selector   Space Scale
C:\Users\DELL\AppData\Local\Temp\xcAsac0.\driver_tmp_9.o
                config                           300000   300000        E        0       4
                init                                 86       86        4        C       0
                reset_vec                             0        0        4        0       0
dist/default/debug\Project_One.debug.o
                intcodelo                            18       18       6E        C       0
                intcode                               8        8        6        4       0
                config                           300000   300000        E        0       4
                temp                                 60       60        1        1       1
                smallconst                         1000     1000        8      800       0
                text39                             1A30     1A30       92      804       0
                text38                             1F06     1F06       72      804       0
                text37                             2342     2342       24     117D       0
                text36                             231E     231E       24     117D       0
                text35                             22FA     22FA       24     117D       0
                text34                             221E     221E       2E      804       0
                text33                             21F0     21F0       2E      804       0
                intcode_body                       1D3A     1D3A       76      804       0
                text31                             199E     199E       92      804       0
                text30                             1E94     1E94       72      804       0
                text29                             21C2     21C2       2E      804       0
                text28                             2194     2194       2E      804       0
                text27                             2166     2166       2E      804       0
                text26                             2138     2138       2E      804       0
                text24                             1CC2     1CC2       78      804       0
                text23                             1C4A     1C4A       78      804       0
                text22                             152C     152C      136      804       0
                text21                             1662     1662       FE      804       0
                text20                             1760     1760       EA      804       0
                text19                             12A0     12A0      14A      804       0
                text18                             2104     2104       34      804       0
                text17                             22A4     22A4       2C      804       0
                text16                             2278     2278       2C      804       0
                text15                             224C     224C       2C      804       0
                text14                             184A     184A       BA      804       0
                text13                             1AC2     1AC2       88      804       0
                text12                             13EA     13EA      142      804       0
                text11                             1E22     1E22       72      804       0
                text10                             20BE     20BE       46      804       0
                text9                              1DB0     1DB0       72      804       0
                text8                              1BCC     1BCC       7E      804       0
                text7                              1154     1154      14C      804       0
                text6                              2078     2078       46      804       0
                text5                              1904     1904       9A      804       0
                text4                              1008     1008      14C      804       0
                text3                              2366     2366       1E     117D       0
                text2                              2384     2384        6     117D       0
                text1                              1B4A     1B4A       82      804       0
                text0                              1F78     1F78       60      804       0
                cstackCOMRAM                         2A       2A       29        1       1
                cstackBANK0                          CA       CA       1D       80       1
                dataBANK0                            80       80       4A       80       1
                dataCOMRAM                            1        1       29        1       1
                bssCOMRAM                            53       53        D        1       1
                cinit                              1FD8     1FD8       56      804       0
                idataBANK0                         202E     202E       4A      804       0
                idataCOMRAM                        22D0     22D0       29      804       0

TOTAL           Name                               Link     Load   Length     Space
        CLASS   CODE           
                intcodelo                            18       18       6E         0
                intcode                               8        8        6         0
                init                                 86       86        4         0
                reset_vec                             0        0        4         0
                text39                             1A30     1A30       92         0
                text38                             1F06     1F06       72         0
                text37                             2342     2342       24         0
                text36                             231E     231E       24         0
                text35                             22FA     22FA       24         0
                text34                             221E     221E       2E         0
                text33                             21F0     21F0       2E         0
                intcode_body                       1D3A     1D3A       76         0
                text31                             199E     199E       92         0
                text30                             1E94     1E94       72         0
                text29                             21C2     21C2       2E         0
                text28                             2194     2194       2E         0
                text27                             2166     2166       2E         0
                text26                             2138     2138       2E         0
                text24                             1CC2     1CC2       78         0
                text23                             1C4A     1C4A       78         0
                text22                             152C     152C      136         0
                text21                             1662     1662       FE         0
                text20                             1760     1760       EA         0
                text19                             12A0     12A0      14A         0
                text18                             2104     2104       34         0
                text17                             22A4     22A4       2C         0
                text16                             2278     2278       2C         0
                text15                             224C     224C       2C         0
                text14                             184A     184A       BA         0
                text13                             1AC2     1AC2       88         0
                text12                             13EA     13EA      142         0
                text11                             1E22     1E22       72         0
                text10                             20BE     20BE       46         0
                text9                              1DB0     1DB0       72         0
                text8                              1BCC     1BCC       7E         0
                text7                              1154     1154      14C         0
                text6                              2078     2078       46         0
                text5                              1904     1904       9A         0
                text4                              1008     1008      14C         0
                text3                              2366     2366       1E         0
                text2                              2384     2384        6         0
                text1                              1B4A     1B4A       82         0
                text0                              1F78     1F78       60         0
                cinit                              1FD8     1FD8       56         0
                idataBANK0                         202E     202E       4A         0
                idataCOMRAM                        22D0     22D0       29         0

        CLASS   CONST          

        CLASS   SMALLCONST     
                smallconst                         1000     1000        8         0

        CLASS   MEDIUMCONST    

        CLASS   COMRAM         
                temp                                 60       60        1         1
                cstackCOMRAM                         2A       2A       29         1
                dataCOMRAM                            1        1       29         1
                bssCOMRAM                            53       53        D         1

        CLASS   ABS1           

        CLASS   BIGRAM         

        CLASS   RAM            

        CLASS   BANK0          
                cstackBANK0                          CA       CA       1D         1
                dataBANK0                            80       80       4A         1

        CLASS   BANK1          

        CLASS   BANK2          

        CLASS   BANK3          

        CLASS   BANK4          

        CLASS   BANK5          

        CLASS   BANK6          

        CLASS   BANK7          

        CLASS   BANK8          

        CLASS   BANK9          

        CLASS   BANK10         

        CLASS   BANK11         

        CLASS   BANK12         

        CLASS   BANK13         

        CLASS   BANK14         

        CLASS   BANK15         

        CLASS   SFR            

        CLASS   BIGSFR         

        CLASS   CONFIG         
                config                           300000   300000        E         4

        CLASS   IDLOC          

        CLASS   EEDATA         

        CLASS   FARRAM         

        CLASS   HEAP           

        CLASS   STACK          



SEGMENTS        Name                           Load    Length   Top    Selector   Space  Class

                reset_vec                      000000  000004  000004         0       0  CODE    
                dataCOMRAM                     000001  000060  000061         1       1  COMRAM  
                intcode                        000008  000006  00000E         4       0  CODE    
                intcodelo                      000018  000072  00008A         C       0  CODE    
                dataBANK0                      000080  000067  0000E7        80       1  BANK0   
                smallconst                     001000  000008  001008       800       0  SMALLCON
                text4                          001008  0012F1  0022F9       804       0  CODE    
                text35                         0022FA  000090  00238A      117D       0  CODE    


UNUSED ADDRESS RANGES

        Name                Unused          Largest block    Delta
        BANK0            0000E7-0000FF               19
        BANK1            000100-0001FF              100
        BANK10           000A00-000AFF              100
        BANK11           000B00-000BFF              100
        BANK12           000C00-000CFF              100
        BANK13           000D00-000DFF              100
        BANK14           000E00-000EFF              100
        BANK15           000F00-000F7F               80
        BANK2            000200-0002FF              100
        BANK3            000300-0003FF              100
        BANK4            000400-0004FF              100
        BANK5            000500-0005FF              100
        BANK6            000600-0006FF              100
        BANK7            000700-0007FF              100
        BANK8            000800-0008FF              100
        BANK9            000900-0009FF              100
        BIGRAM           000061-00007F               1F
                         0000E7-000F7F              E99
        BIGSFR           000F80-000FFF               80
        CODE             000004-000007                4
                         00000E-000017                A
                         00008A-000FFF              F76
                         0022F9-0022F9                1
                         00238A-00FFFF             DC76
        COMRAM           000061-00007F               1F
        CONST            000004-000007                4
                         00000E-000017                A
                         00008A-000FFF              F76
                         0022F9-0022F9                1
                         00238A-00FFFF             DC76
        EEDATA           F00000-F003FF              400
        IDLOC            200000-200007                8
        MEDIUMCONST      0022F9-0022F9                1
                         00238A-00FFFF             DC76
        RAM              0000E7-000F7F              100
        SFR              000F80-000FFF               80
        SMALLCONST       0022F9-0022F9                1
                         00238A-00FFFF              100

                                  Symbol Table

Interrupt_INT0_SetHandular@Interrupt_Handular cstackBANK0  0000CA
Interrupt_INT0_SetHandular@ret                cstackBANK0  0000CC
Interrupt_INT1_SetHandular@Interrupt_Handular cstackBANK0  0000CA
Interrupt_INT1_SetHandular@ret                cstackBANK0  0000CC
Interrupt_INT2_SetHandular@Interrupt_Handular cstackBANK0  0000CA
Interrupt_INT2_SetHandular@ret                cstackBANK0  0000CC
Interrupt_INTx_Clear_Flag@int_obj             cstackBANK0  0000CA
Interrupt_INTx_Clear_Flag@ret                 cstackBANK0  0000CE
Interrupt_INTx_Disable@int_obj                cstackBANK0  0000CA
Interrupt_INTx_Disable@ret                    cstackBANK0  0000CE
Interrupt_INTx_Edge_Init@int_obj              cstackBANK0  0000CA
Interrupt_INTx_Edge_Init@ret                  cstackBANK0  0000CE
Interrupt_INTx_Enable@int_obj                 cstackBANK0  0000CA
Interrupt_INTx_Enable@ret                     cstackBANK0  0000CE
Interrupt_INTx_Initialization@int_obj         cstackBANK0  0000D6
Interrupt_INTx_Initialization@ret             cstackBANK0  0000D8
Interrupt_INTx_Periority_Init@int_obj         cstackBANK0  0000CA
Interrupt_INTx_Periority_Init@ret             cstackBANK0  0000CE
Interrupt_INTx_Pin_Init@int_obj               cstackBANK0  0000D3
Interrupt_INTx_Pin_Init@ret                   cstackBANK0  0000D5
Interrupt_INTx_SetHandular@int_obj            cstackBANK0  0000CD
Interrupt_INTx_SetHandular@ret                cstackBANK0  0000D1
Relay_Initialize@F3042                        bssCOMRAM    00005B
Relay_Turn_OFF@F3052                          bssCOMRAM    000059
Relay_Turn_ON@F3047                           bssCOMRAM    00005A
_ECU_Layer_initialize                         text3        002366
_INT0_ISR                                     text34       00221E
_INT0_Interrupt_Handular                      bssCOMRAM    000057
_INT0_obj                                     dataCOMRAM   00001B
_INT1_ISR                                     text26       002138
_INT1_Interrupt_Handular                      bssCOMRAM    000055
_INT1_obj                                     dataCOMRAM   000015
_INT2_ISR                                     text33       0021F0
_INT2_Interrupt_Handular                      bssCOMRAM    000053
_INT2_obj                                     dataBANK0    0000C4
_INTCON2bits                                  (abs)        000FF1
_INTCON3bits                                  (abs)        000FF0
_INTCONbits                                   (abs)        000FF2
_Int0_ISR                                     text28       002194
_Int0_ISR$intlevel1                           text28       00219E
_Int1_ISR                                     text27       002166
_Int1_ISR$intlevel1                           text27       002170
_Int2_ISR                                     text29       0021C2
_Int2_ISR$intlevel1                           text29       0021CC
_Interrupt_INT0_SetHandular                   text17       0022A4
_Interrupt_INT1_SetHandular                   text16       002278
_Interrupt_INT2_SetHandular                   text15       00224C
_Interrupt_INTx_Clear_Flag                    text24       001CC2
_Interrupt_INTx_Disable                       text23       001C4A
_Interrupt_INTx_Edge_Init                     text22       00152C
_Interrupt_INTx_Enable                        text21       001662
_Interrupt_INTx_Initialization                text13       001AC2
_Interrupt_INTx_Periority_Init                text20       001760
_Interrupt_INTx_Pin_Init                      text18       002104
_Interrupt_INTx_SetHandular                   text14       00184A
_Interrupt_Manager_High                       intcode      000008
_Interrupt_Manager_Low                        intcodelo    000018
_LATA                                         (abs)        000F89
_LATB                                         (abs)        000F8A
_LATC                                         (abs)        000F8B
_LATD                                         (abs)        000F8C
_LATE                                         (abs)        000F8D
_PORTA                                        (abs)        000F80
_PORTB                                        (abs)        000F81
_PORTC                                        (abs)        000F82
_PORTD                                        (abs)        000F83
_PORTE                                        (abs)        000F84
_RCONbits                                     (abs)        000FD0
_TRISA                                        (abs)        000F92
_TRISB                                        (abs)        000F93
_TRISC                                        (abs)        000F94
_TRISD                                        (abs)        000F95
_TRISE                                        (abs)        000F96
__HRAM                                        (abs)        000000
__H__absolute__                               __absolute__ 000000
__Habs1                                       abs1         000000
__Hbank0                                      bank0        000000
__Hbank1                                      bank1        000000
__Hbank10                                     bank10       000000
__Hbank11                                     bank11       000000
__Hbank12                                     bank12       000000
__Hbank13                                     bank13       000000
__Hbank14                                     bank14       000000
__Hbank15                                     bank15       000000
__Hbank2                                      bank2        000000
__Hbank3                                      bank3        000000
__Hbank4                                      bank4        000000
__Hbank5                                      bank5        000000
__Hbank6                                      bank6        000000
__Hbank7                                      bank7        000000
__Hbank8                                      bank8        000000
__Hbank9                                      bank9        000000
__Hbigbss                                     bigbss       000000
__Hbigdata                                    bigdata      000000
__Hbigram                                     bigram       000000
__Hbigsfr                                     bigsfr       000000
__Hbss                                        bss          000000
__HbssCOMRAM                                  bssCOMRAM    000000
__Hcinit                                      cinit        000000
__Hclrtext                                    clrtext      000000
__Hcomram                                     comram       000000
__Hconfig                                     config       30000E
__Hconst                                      const        000000
__HcstackBANK0                                cstackBANK0  000000
__HcstackCOMRAM                               cstackCOMRAM 000000
__Hdata                                       data         000000
__HdataBANK0                                  dataBANK0    000000
__HdataCOMRAM                                 dataCOMRAM   000000
__Heeprom_data                                eeprom_data  000000
__Hfarbss                                     farbss       000000
__Hfardata                                    fardata      000000
__Hheap                                       heap         000000
__Hibigdata                                   ibigdata     000000
__Hidata                                      idata        000000
__HidataBANK0                                 idataBANK0   000000
__HidataCOMRAM                                idataCOMRAM  000000
__Hidloc                                      idloc        000000
__Hifardata                                   ifardata     000000
__Hinit                                       init         00008A
__Hintcode                                    intcode      00000E
__Hintcode_body                               intcode_body 000000
__Hintcodelo                                  intcodelo    000086
__Hintentry                                   intentry     000000
__Hintret                                     intret       000000
__Hintsave_regs                               intsave_regs 000000
__Hirdata                                     irdata       000000
__Hmediumconst                                mediumconst  000000
__HnvFARRAM                                   nvFARRAM     000000
__Hnvbit                                      nvbit        000000
__Hnvrram                                     nvrram       000000
__Hparam                                      rparam       000000
__Hpowerup                                    powerup      000086
__Hram                                        ram          000000
__Hramtop                                     ramtop       001000
__Hrbit                                       rbit         000000
__Hrbss                                       rbss         000000
__Hrdata                                      rdata        000000
__Hreset_vec                                  reset_vec    000004
__Hrparam                                     rparam       000000
__Hsfr                                        sfr          000000
__Hsmallconst                                 smallconst   001008
__Hspace_0                                    (abs)        00238A
__Hspace_1                                    (abs)        0000E7
__Hspace_2                                    (abs)        000000
__Hspace_4                                    (abs)        60000E
__Hstack                                      stack        000000
__Hstruct                                     struct       000000
__Htemp                                       temp         000061
__Htext                                       text         000000
__Htext0                                      text0        000000
__Htext1                                      text1        000000
__Htext10                                     text10       000000
__Htext11                                     text11       000000
__Htext12                                     text12       000000
__Htext13                                     text13       000000
__Htext14                                     text14       000000
__Htext15                                     text15       000000
__Htext16                                     text16       000000
__Htext17                                     text17       000000
__Htext18                                     text18       000000
__Htext19                                     text19       000000
__Htext2                                      text2        000000
__Htext20                                     text20       000000
__Htext21                                     text21       000000
__Htext22                                     text22       000000
__Htext23                                     text23       000000
__Htext24                                     text24       000000
__Htext26                                     text26       000000
__Htext27                                     text27       000000
__Htext28                                     text28       000000
__Htext29                                     text29       000000
__Htext3                                      text3        000000
__Htext30                                     text30       000000
__Htext31                                     text31       000000
__Htext33                                     text33       000000
__Htext34                                     text34       000000
__Htext35                                     text35       000000
__Htext36                                     text36       000000
__Htext37                                     text37       000000
__Htext38                                     text38       000000
__Htext39                                     text39       000000
__Htext4                                      text4        000000
__Htext40                                     text40       000000
__Htext5                                      text5        000000
__Htext6                                      text6        000000
__Htext7                                      text7        000000
__Htext8                                      text8        000000
__Htext9                                      text9        000000
__LRAM                                        (abs)        000001
__L__absolute__                               __absolute__ 000000
__Labs1                                       abs1         000000
__Lbank0                                      bank0        000000
__Lbank1                                      bank1        000000
__Lbank10                                     bank10       000000
__Lbank11                                     bank11       000000
__Lbank12                                     bank12       000000
__Lbank13                                     bank13       000000
__Lbank14                                     bank14       000000
__Lbank15                                     bank15       000000
__Lbank2                                      bank2        000000
__Lbank3                                      bank3        000000
__Lbank4                                      bank4        000000
__Lbank5                                      bank5        000000
__Lbank6                                      bank6        000000
__Lbank7                                      bank7        000000
__Lbank8                                      bank8        000000
__Lbank9                                      bank9        000000
__Lbigbss                                     bigbss       000000
__Lbigdata                                    bigdata      000000
__Lbigram                                     bigram       000000
__Lbigsfr                                     bigsfr       000000
__Lbss                                        bss          000000
__LbssCOMRAM                                  bssCOMRAM    000000
__Lcinit                                      cinit        000000
__Lclrtext                                    clrtext      000000
__Lcomram                                     comram       000000
__Lconfig                                     config       000000
__Lconst                                      const        000000
__LcstackBANK0                                cstackBANK0  000000
__LcstackCOMRAM                               cstackCOMRAM 000000
__Ldata                                       data         000000
__LdataBANK0                                  dataBANK0    000000
__LdataCOMRAM                                 dataCOMRAM   000000
__Leeprom_data                                eeprom_data  000000
__Lfarbss                                     farbss       000000
__Lfardata                                    fardata      000000
__Lheap                                       heap         000000
__Libigdata                                   ibigdata     000000
__Lidata                                      idata        000000
__LidataBANK0                                 idataBANK0   000000
__LidataCOMRAM                                idataCOMRAM  000000
__Lidloc                                      idloc        000000
__Lifardata                                   ifardata     000000
__Linit                                       init         000086
__Lintcode                                    intcode      000008
__Lintcode_body                               intcode_body 000000
__Lintcodelo                                  intcodelo    000018
__Lintentry                                   intentry     000000
__Lintret                                     intret       000000
__Lintsave_regs                               intsave_regs 000000
__Lirdata                                     irdata       000000
__Lmediumconst                                mediumconst  000000
__LnvFARRAM                                   nvFARRAM     000000
__Lnvbit                                      nvbit        000000
__Lnvrram                                     nvrram       000000
__Lparam                                      rparam       000000
__Lpowerup                                    powerup      000086
__Lram                                        ram          000000
__Lramtop                                     ramtop       001000
__Lrbit                                       rbit         000000
__Lrbss                                       rbss         000000
__Lrdata                                      rdata        000000
__Lreset_vec                                  reset_vec    000000
__Lrparam                                     rparam       000000
__Lsfr                                        sfr          000000
__Lsmallconst                                 smallconst   001000
__Lspace_0                                    (abs)        000000
__Lspace_1                                    (abs)        000000
__Lspace_2                                    (abs)        000000
__Lspace_4                                    (abs)        000000
__Lstack                                      stack        000000
__Lstruct                                     struct       000000
__Ltemp                                       temp         000060
__Ltext                                       text         000000
__Ltext0                                      text0        000000
__Ltext1                                      text1        000000
__Ltext10                                     text10       000000
__Ltext11                                     text11       000000
__Ltext12                                     text12       000000
__Ltext13                                     text13       000000
__Ltext14                                     text14       000000
__Ltext15                                     text15       000000
__Ltext16                                     text16       000000
__Ltext17                                     text17       000000
__Ltext18                                     text18       000000
__Ltext19                                     text19       000000
__Ltext2                                      text2        000000
__Ltext20                                     text20       000000
__Ltext21                                     text21       000000
__Ltext22                                     text22       000000
__Ltext23                                     text23       000000
__Ltext24                                     text24       000000
__Ltext26                                     text26       000000
__Ltext27                                     text27       000000
__Ltext28                                     text28       000000
__Ltext29                                     text29       000000
__Ltext3                                      text3        000000
__Ltext30                                     text30       000000
__Ltext31                                     text31       000000
__Ltext33                                     text33       000000
__Ltext34                                     text34       000000
__Ltext35                                     text35       000000
__Ltext36                                     text36       000000
__Ltext37                                     text37       000000
__Ltext38                                     text38       000000
__Ltext39                                     text39       000000
__Ltext4                                      text4        000000
__Ltext40                                     text40       000000
__Ltext5                                      text5        000000
__Ltext6                                      text6        000000
__Ltext7                                      text7        000000
__Ltext8                                      text8        000000
__Ltext9                                      text9        000000
__S0                                          (abs)        00238A
__S1                                          (abs)        0000E7
__S4                                          (abs)        000000
__S5                                          (abs)        000000
___heap_hi                                    (abs)        000000
___heap_lo                                    (abs)        000000
___inthi_sp                                   stack        000000
___intlo_sp                                   stack        000000
___param_bank                                 (abs)        000000
___rparam_used                                (abs)        000001
___sp                                         stack        000000
__accesstop                                   (abs)        000080
__activetblptr                                (abs)        000003
__end_of_ECU_Layer_initialize                 text3        002384
__end_of_INT0_ISR                             text34       00224C
__end_of_INT1_ISR                             text26       002166
__end_of_INT2_ISR                             text33       00221E
__end_of_Int0_ISR                             text28       0021C2
__end_of_Int1_ISR                             text27       002194
__end_of_Int2_ISR                             text29       0021F0
__end_of_Interrupt_INT0_SetHandular           text17       0022D0
__end_of_Interrupt_INT1_SetHandular           text16       0022A4
__end_of_Interrupt_INT2_SetHandular           text15       002278
__end_of_Interrupt_INTx_Clear_Flag            text24       001D3A
__end_of_Interrupt_INTx_Disable               text23       001CC2
__end_of_Interrupt_INTx_Edge_Init             text22       001662
__end_of_Interrupt_INTx_Enable                text21       001760
__end_of_Interrupt_INTx_Initialization        text13       001B4A
__end_of_Interrupt_INTx_Periority_Init        text20       00184A
__end_of_Interrupt_INTx_Pin_Init              text18       002138
__end_of_Interrupt_INTx_SetHandular           text14       001904
__end_of_Interrupt_Manager_High               intcode_body 001DB0
__end_of_Interrupt_Manager_Low                intcodelo    000086
__end_of__initialization                      cinit        002024
__end_of_application_initialize               text2        00238A
__end_of_gpio_pin_direction_intialize         text19       0013EA
__end_of_gpio_pin_intialize                   text11       001E94
__end_of_gpio_pin_toggle_logic                text31       001A30
__end_of_gpio_pin_write_logic                 text12       00152C
__end_of_lcd_4_bit_initialize                 text7        0012A0
__end_of_lcd_4_bit_send_command               text8        001C4A
__end_of_lcd_4bit_send_enable_signal          text10       002104
__end_of_lcd_8_bit_initialize                 text4        001154
__end_of_lcd_8_bit_send_command               text5        00199E
__end_of_lcd_8bit_send_enable_signal          text6        0020BE
__end_of_led_initialize                       text1        001BCC
__end_of_led_toggle                           text30       001F06
__end_of_main                                 text0        001FD8
__end_of_send_4bit_data                       text9        001E22
__end_ofi2_Int0_ISR                           text36       002342
__end_ofi2_Int1_ISR                           text35       00231E
__end_ofi2_Int2_ISR                           text37       002366
__end_ofi2_gpio_pin_toggle_logic              text39       001AC2
__end_ofi2_led_toggle                         text38       001F78
__initialization                              cinit        001FD8
__mediumconst                                 mediumconst  000000
__pbssCOMRAM                                  bssCOMRAM    000053
__pcinit                                      cinit        001FD8
__pcstackBANK0                                cstackBANK0  0000CA
__pcstackCOMRAM                               cstackCOMRAM 00002A
__pdataBANK0                                  dataBANK0    000080
__pdataCOMRAM                                 dataCOMRAM   000001
__pidataBANK0                                 idataBANK0   00202E
__pidataCOMRAM                                idataCOMRAM  0022D0
__pintcode                                    intcode      000008
__pintcode_body                               intcode_body 001D3A
__pintcodelo                                  intcodelo    000018
__psmallconst                                 smallconst   001000
__ptext0                                      text0        001F78
__ptext1                                      text1        001B4A
__ptext10                                     text10       0020BE
__ptext11                                     text11       001E22
__ptext12                                     text12       0013EA
__ptext13                                     text13       001AC2
__ptext14                                     text14       00184A
__ptext15                                     text15       00224C
__ptext16                                     text16       002278
__ptext17                                     text17       0022A4
__ptext18                                     text18       002104
__ptext19                                     text19       0012A0
__ptext2                                      text2        002384
__ptext20                                     text20       001760
__ptext21                                     text21       001662
__ptext22                                     text22       00152C
__ptext23                                     text23       001C4A
__ptext24                                     text24       001CC2
__ptext26                                     text26       002138
__ptext27                                     text27       002166
__ptext28                                     text28       002194
__ptext29                                     text29       0021C2
__ptext3                                      text3        002366
__ptext30                                     text30       001E94
__ptext31                                     text31       00199E
__ptext33                                     text33       0021F0
__ptext34                                     text34       00221E
__ptext35                                     text35       0022FA
__ptext36                                     text36       00231E
__ptext37                                     text37       002342
__ptext38                                     text38       001F06
__ptext39                                     text39       001A30
__ptext4                                      text4        001008
__ptext40                                     text40       000000
__ptext5                                      text5        001904
__ptext6                                      text6        002078
__ptext7                                      text7        001154
__ptext8                                      text8        001BCC
__ptext9                                      text9        001DB0
__ramtop                                      ramtop       001000
__smallconst                                  smallconst   001000
_application_initialize                       text2        002384
_gpio_pin_direction_intialize                 text19       0012A0
_gpio_pin_intialize                           text11       001E22
_gpio_pin_toggle_logic                        text31       00199E
_gpio_pin_write_logic                         text12       0013EA
_keypad_btn_values                            dataBANK0    000080
_lat_registers                                dataCOMRAM   000001
_lcd_1                                        dataCOMRAM   000021
_lcd_2                                        dataBANK0    0000BA
_lcd_4_bit_initialize                         text7        001154
_lcd_4_bit_send_command                       text8        001BCC
_lcd_4bit_send_enable_signal                  text10       0020BE
_lcd_8_bit_initialize                         text4        001008
_lcd_8_bit_send_command                       text5        001904
_lcd_8bit_send_enable_signal                  text6        002078
_led1                                         dataCOMRAM   000029
_led2                                         dataCOMRAM   000028
_led3                                         dataCOMRAM   000027
_led_initialize                               text1        001B4A
_led_toggle                                   text30       001E94
_main                                         text0        001F78
_port_registers                               dataBANK0    0000B0
_send_4bit_data                               text9        001DB0
_tris_registers                               dataCOMRAM   00000B
btemp                                         temp         000060
end_of_initialization                         cinit        002024
gpio_pin_direction_intialize@pin_config       cstackBANK0  0000CA
gpio_pin_direction_intialize@ret              cstackBANK0  0000D2
gpio_pin_intialize@pin_config                 cstackBANK0  0000D4
gpio_pin_intialize@ret                        cstackBANK0  0000D7
gpio_pin_toggle_logic@pin_config              cstackCOMRAM 00003D
gpio_pin_write_logic@logic                    cstackBANK0  0000CC
gpio_pin_write_logic@pin_config               cstackBANK0  0000CA
gpio_pin_write_logic@ret                      cstackBANK0  0000D3
i2_Int0_ISR                                   text36       00231E
i2_Int1_ISR                                   text35       0022FA
i2_Int2_ISR                                   text37       002342
i2_gpio_pin_toggle_logic                      text39       001A30
i2_led_toggle                                 text38       001F06
i2gpio_pin_toggle_logic@pin_config            cstackCOMRAM 00002A
i2led_toggle@led                              cstackCOMRAM 000031
i2led_toggle@pin_obj                          cstackCOMRAM 000034
int$flags                                     temp         000060
int_func                                      intcode_body 001D3A
intlevel0                                     text         000000
intlevel1                                     text         000000
intlevel2                                     text         000000
intlevel3                                     text         000000
isa$std                                       (abs)        000001
isa$xinst                                     (abs)        000000
lcd_4_bit_initialize@l_data_counter           cstackBANK0  0000E0
lcd_4_bit_initialize@lcd                      cstackBANK0  0000DC
lcd_4_bit_initialize@ret                      cstackBANK0  0000E1
lcd_4_bit_send_command@command                cstackBANK0  0000DA
lcd_4_bit_send_command@lcd                    cstackBANK0  0000D8
lcd_4_bit_send_command@ret                    cstackBANK0  0000DB
lcd_4bit_send_enable_signal@lcd               cstackBANK0  0000D4
lcd_4bit_send_enable_signal@ret               cstackBANK0  0000D7
lcd_8_bit_initialize@l_data_counter           cstackBANK0  0000E5
lcd_8_bit_initialize@lcd                      cstackBANK0  0000E1
lcd_8_bit_initialize@ret                      cstackBANK0  0000E6
lcd_8_bit_send_command@command                cstackBANK0  0000DA
lcd_8_bit_send_command@l_command_counter      cstackBANK0  0000E0
lcd_8_bit_send_command@lcd                    cstackBANK0  0000D8
lcd_8_bit_send_command@ret                    cstackBANK0  0000DF
lcd_8bit_send_enable_signal@lcd               cstackBANK0  0000D4
lcd_8bit_send_enable_signal@ret               cstackBANK0  0000D7
led_initialize@F3048                          bssCOMRAM    00005F
led_initialize@led                            cstackBANK0  0000D8
led_initialize@pin_obj                        cstackBANK0  0000DC
led_initialize@ret                            cstackBANK0  0000DB
led_toggle@F3063                              bssCOMRAM    00005C
led_toggle@led                                cstackCOMRAM 000044
led_toggle@pin_obj                            cstackCOMRAM 000047
led_turn_off@F3058                            bssCOMRAM    00005D
led_turn_on@F3053                             bssCOMRAM    00005E
send_4bit_data@command                        cstackBANK0  0000D6
send_4bit_data@lcd                            cstackBANK0  0000D4
send_4bit_data@ret                            cstackBANK0  0000D7
stackhi                                       (abs)        000000
stacklo                                       (abs)        000000
start                                         init         000086
start_initialization                          cinit        001FD8
ttemp5                                        temp         000061
ttemp6                                        temp         000064
ttemp7                                        temp         000068
wtemp8                                        temp         000061


MODULE INFORMATION

Module		Function		Class		Link	Load	Size
MCAL_Layer/interrupt/mcal_external_interrupt.c
		_Interrupt_INTx_SetHandular		CODE           	184A	0000	186
		_Interrupt_INTx_Clear_Flag		CODE           	1CC2	0000	120
		_Interrupt_INTx_Enable		CODE           	1662	0000	254
		_Interrupt_INTx_Periority_Init		CODE           	1760	0000	234
		_Interrupt_INTx_Edge_Init		CODE           	152C	0000	310
		_Interrupt_INTx_Disable		CODE           	1C4A	0000	120
		_Interrupt_INTx_Initialization		CODE           	1AC2	0000	136
		_INT0_ISR      		CODE           	221E	0000	46
		_Interrupt_INTx_Pin_Init		CODE           	2104	0000	52
		_INT1_ISR      		CODE           	2138	0000	46
		_Interrupt_INT0_SetHandular		CODE           	22A4	0000	44
		_Interrupt_INT1_SetHandular		CODE           	2278	0000	44
		_Interrupt_INT2_SetHandular		CODE           	224C	0000	44
		_INT2_ISR      		CODE           	21F0	0000	46

MCAL_Layer/interrupt/mcal_external_interrupt.c estimated size: 1682

ECU_Layer/LCD/ecu_LCD.c
		_lcd_8_bit_initialize		CODE           	1008	0000	332
		_lcd_8bit_send_enable_signal		CODE           	2078	0000	70
		_lcd_4_bit_initialize		CODE           	1154	0000	332
		_lcd_4bit_send_enable_signal		CODE           	20BE	0000	70
		_lcd_8_bit_send_command		CODE           	1904	0000	154
		_send_4bit_data		CODE           	1DB0	0000	114
		_lcd_4_bit_send_command		CODE           	1BCC	0000	126

ECU_Layer/LCD/ecu_LCD.c estimated size: 1198

shared
		i2_Int0_ISR    		CODE           	231E	0000	36
		i2_Int1_ISR    		CODE           	22FA	0000	36
		__initialization		CODE           	1FD8	0000	76
		i2_gpio_pin_toggle_logic		CODE           	1A30	0000	146
		i2_led_toggle  		CODE           	1F06	0000	114
		i2_Int2_ISR    		CODE           	2342	0000	36

shared estimated size: 444

ECU_Layer/ecu_init.c
		_ECU_Layer_initialize		CODE           	2366	0000	30

ECU_Layer/ecu_init.c estimated size: 30

MCAL_Layer/GPIO/hal_gpio.c
		_gpio_pin_write_logic		CODE           	13EA	0000	322
		_gpio_pin_intialize		CODE           	1E22	0000	114
		_gpio_pin_direction_intialize		CODE           	12A0	0000	330
		_gpio_pin_toggle_logic		CODE           	199E	0000	146

MCAL_Layer/GPIO/hal_gpio.c estimated size: 912

ECU_Layer/LED/ecu_led.c
		_led_initialize		CODE           	1B4A	0000	130
		_led_toggle    		CODE           	1E94	0000	114

ECU_Layer/LED/ecu_led.c estimated size: 244

application.c
		_Int2_ISR      		CODE           	21C2	0000	46
		_application_initialize		CODE           	2384	0000	6
		_main          		CODE           	1F78	0000	96
		_Int0_ISR      		CODE           	2194	0000	46
		_Int1_ISR      		CODE           	2166	0000	46

application.c estimated size: 240

MCAL_Layer/interrupt/mcal_interrupt_manager.c
		_Interrupt_Manager_High		CODE           	0008	0000	124
		_Interrupt_Manager_Low		CODE           	0018	0000	110

MCAL_Layer/interrupt/mcal_interrupt_manager.c estimated size: 234

